[DEBUG] 2019-04-04 16:12:55,907 | /opt/erpnext/frappe-training/apps/frappe/frappe/utils/scheduler.py:
Site: mis.training.local
Queued events for site mis.training.local
[DEBUG] 2019-04-04 16:13:57,188 | /opt/erpnext/frappe-training/apps/frappe/frappe/utils/scheduler.py:
Site: mis.training.local
Queued events for site mis.training.local
[DEBUG] 2019-04-04 16:14:57,391 | /opt/erpnext/frappe-training/apps/frappe/frappe/utils/scheduler.py:
Site: mis.training.local
Queued events for site mis.training.local
[DEBUG] 2019-04-04 16:15:57,547 | /opt/erpnext/frappe-training/apps/frappe/frappe/utils/scheduler.py:
Site: mis.training.local
Queued events for site mis.training.local
[DEBUG] 2019-04-04 16:16:57,691 | /opt/erpnext/frappe-training/apps/frappe/frappe/utils/scheduler.py:
Site: mis.training.local
Queued events for site mis.training.local
[DEBUG] 2019-04-04 16:17:57,879 | /opt/erpnext/frappe-training/apps/frappe/frappe/utils/scheduler.py:
Site: mis.training.local
Queued events for site mis.training.local
[DEBUG] 2019-04-04 16:18:58,078 | /opt/erpnext/frappe-training/apps/frappe/frappe/utils/scheduler.py:
Site: mis.training.local
Queued events for site mis.training.local
[DEBUG] 2019-04-04 16:19:58,240 | /opt/erpnext/frappe-training/apps/frappe/frappe/utils/scheduler.py:
Site: mis.training.local
Queued events for site mis.training.local
[DEBUG] 2019-04-04 16:20:58,449 | /opt/erpnext/frappe-training/apps/frappe/frappe/utils/scheduler.py:
Site: mis.training.local
Queued events for site mis.training.local
[DEBUG] 2019-04-04 16:21:58,657 | /opt/erpnext/frappe-training/apps/frappe/frappe/utils/scheduler.py:
Site: mis.training.local
Queued events for site mis.training.local
[DEBUG] 2019-04-04 16:22:58,883 | /opt/erpnext/frappe-training/apps/frappe/frappe/utils/scheduler.py:
Site: mis.training.local
Queued events for site mis.training.local
[DEBUG] 2019-04-04 16:23:59,179 | /opt/erpnext/frappe-training/apps/frappe/frappe/utils/scheduler.py:
Site: mis.training.local
Queued events for site mis.training.local
[DEBUG] 2019-04-04 16:24:59,386 | /opt/erpnext/frappe-training/apps/frappe/frappe/utils/scheduler.py:
Site: mis.training.local
Queued events for site mis.training.local
[DEBUG] 2019-04-04 16:25:59,527 | /opt/erpnext/frappe-training/apps/frappe/frappe/utils/scheduler.py:
Site: mis.training.local
Queued events for site mis.training.local
[DEBUG] 2019-04-04 16:26:59,719 | /opt/erpnext/frappe-training/apps/frappe/frappe/utils/scheduler.py:
Site: mis.training.local
Queued events for site mis.training.local
[DEBUG] 2019-04-04 16:27:59,935 | /opt/erpnext/frappe-training/apps/frappe/frappe/utils/scheduler.py:
Site: mis.training.local
Queued events for site mis.training.local
[DEBUG] 2019-04-04 16:29:00,170 | /opt/erpnext/frappe-training/apps/frappe/frappe/utils/scheduler.py:
Site: mis.training.local
Queued events for site mis.training.local
[DEBUG] 2019-04-04 16:30:02,181 | /opt/erpnext/frappe-training/apps/frappe/frappe/utils/scheduler.py:
Site: mis.training.local
Queued events for site mis.training.local
[DEBUG] 2019-04-04 16:31:02,442 | /opt/erpnext/frappe-training/apps/frappe/frappe/utils/scheduler.py:
Site: mis.training.local
Queued events for site mis.training.local
[DEBUG] 2019-04-04 16:32:02,653 | /opt/erpnext/frappe-training/apps/frappe/frappe/utils/scheduler.py:
Site: mis.training.local
Queued events for site mis.training.local
[DEBUG] 2019-04-04 16:33:02,797 | /opt/erpnext/frappe-training/apps/frappe/frappe/utils/scheduler.py:
Site: mis.training.local
Queued events for site mis.training.local
[DEBUG] 2019-04-04 16:34:03,006 | /opt/erpnext/frappe-training/apps/frappe/frappe/utils/scheduler.py:
Site: mis.training.local
Queued events for site mis.training.local
[DEBUG] 2019-04-04 16:35:03,173 | /opt/erpnext/frappe-training/apps/frappe/frappe/utils/scheduler.py:
Site: mis.training.local
Queued events for site mis.training.local
[DEBUG] 2019-04-04 16:36:03,413 | /opt/erpnext/frappe-training/apps/frappe/frappe/utils/scheduler.py:
Site: mis.training.local
Queued events for site mis.training.local
[DEBUG] 2019-04-04 16:37:03,605 | /opt/erpnext/frappe-training/apps/frappe/frappe/utils/scheduler.py:
Site: mis.training.local
Queued events for site mis.training.local
[DEBUG] 2019-04-04 16:38:03,797 | /opt/erpnext/frappe-training/apps/frappe/frappe/utils/scheduler.py:
Site: mis.training.local
Queued events for site mis.training.local
[ERROR] 2019-04-04 16:38:42,431 | /opt/erpnext/frappe-training/apps/frappe/frappe/app.py:
Site: mis.training.local
Form Dict: {
 "data": ""
}
Request Error
Traceback (most recent call last):
  File "/opt/erpnext/frappe-training/apps/frappe/frappe/app.py", line 66, in application
    response = frappe.api.handle()
  File "/opt/erpnext/frappe-training/apps/frappe/frappe/api.py", line 117, in handle
    data = json.loads(frappe.local.form_dict.data)
  File "/usr/lib/python3.6/json/__init__.py", line 354, in loads
    return _default_decoder.decode(s)
  File "/usr/lib/python3.6/json/decoder.py", line 339, in decode
    obj, end = self.raw_decode(s, idx=_w(s, 0).end())
  File "/usr/lib/python3.6/json/decoder.py", line 357, in raw_decode
    raise JSONDecodeError("Expecting value", s, err.value) from None
json.decoder.JSONDecodeError: Expecting value: line 1 column 1 (char 0)
[ERROR] 2019-04-04 16:38:42,711 | /opt/erpnext/frappe-training/apps/frappe/frappe/utils/error.py:
Could not take error snapshot: startswith first arg must be str or a tuple of str, not bytes
Traceback (most recent call last):
  File "/opt/erpnext/frappe-training/apps/frappe/frappe/app.py", line 66, in application
    response = frappe.api.handle()
  File "/opt/erpnext/frappe-training/apps/frappe/frappe/api.py", line 117, in handle
    data = json.loads(frappe.local.form_dict.data)
  File "/usr/lib/python3.6/json/__init__.py", line 354, in loads
    return _default_decoder.decode(s)
  File "/usr/lib/python3.6/json/decoder.py", line 339, in decode
    obj, end = self.raw_decode(s, idx=_w(s, 0).end())
  File "/usr/lib/python3.6/json/decoder.py", line 357, in raw_decode
    raise JSONDecodeError("Expecting value", s, err.value) from None
json.decoder.JSONDecodeError: Expecting value: line 1 column 1 (char 0)

During handling of the above exception, another exception occurred:

Traceback (most recent call last):
  File "/opt/erpnext/frappe-training/apps/frappe/frappe/utils/error.py", line 36, in make_error_snapshot
    snapshot = get_snapshot(exception)
  File "/opt/erpnext/frappe-training/apps/frappe/frappe/utils/error.py", line 131, in get_snapshot
    if type(value)==str and value.startswith(b"u'"):
TypeError: startswith first arg must be str or a tuple of str, not bytes
[DEBUG] 2019-04-04 16:39:04,282 | /opt/erpnext/frappe-training/apps/frappe/frappe/utils/scheduler.py:
Site: mis.training.local
Queued events for site mis.training.local
[DEBUG] 2019-04-04 16:40:04,510 | /opt/erpnext/frappe-training/apps/frappe/frappe/utils/scheduler.py:
Site: mis.training.local
Queued events for site mis.training.local
[DEBUG] 2019-04-04 16:41:04,835 | /opt/erpnext/frappe-training/apps/frappe/frappe/utils/scheduler.py:
Site: mis.training.local
Queued events for site mis.training.local
[DEBUG] 2019-04-04 16:42:05,017 | /opt/erpnext/frappe-training/apps/frappe/frappe/utils/scheduler.py:
Site: mis.training.local
Queued events for site mis.training.local
[DEBUG] 2019-04-04 16:43:05,220 | /opt/erpnext/frappe-training/apps/frappe/frappe/utils/scheduler.py:
Site: mis.training.local
Queued events for site mis.training.local
[DEBUG] 2019-04-04 16:44:05,415 | /opt/erpnext/frappe-training/apps/frappe/frappe/utils/scheduler.py:
Site: mis.training.local
Queued events for site mis.training.local
[DEBUG] 2019-04-04 16:45:05,625 | /opt/erpnext/frappe-training/apps/frappe/frappe/utils/scheduler.py:
Site: mis.training.local
Queued events for site mis.training.local
[DEBUG] 2019-04-04 16:46:05,817 | /opt/erpnext/frappe-training/apps/frappe/frappe/utils/scheduler.py:
Site: mis.training.local
Queued events for site mis.training.local
[DEBUG] 2019-04-04 16:47:06,011 | /opt/erpnext/frappe-training/apps/frappe/frappe/utils/scheduler.py:
Site: mis.training.local
Queued events for site mis.training.local
[DEBUG] 2019-04-04 16:48:06,287 | /opt/erpnext/frappe-training/apps/frappe/frappe/utils/scheduler.py:
Site: mis.training.local
Queued events for site mis.training.local
[DEBUG] 2019-04-04 16:49:06,626 | /opt/erpnext/frappe-training/apps/frappe/frappe/utils/scheduler.py:
Site: mis.training.local
Queued events for site mis.training.local
[DEBUG] 2019-04-04 16:50:06,819 | /opt/erpnext/frappe-training/apps/frappe/frappe/utils/scheduler.py:
Site: mis.training.local
Queued events for site mis.training.local
[DEBUG] 2019-04-04 16:51:07,009 | /opt/erpnext/frappe-training/apps/frappe/frappe/utils/scheduler.py:
Site: mis.training.local
Queued events for site mis.training.local
[DEBUG] 2019-04-04 16:52:07,217 | /opt/erpnext/frappe-training/apps/frappe/frappe/utils/scheduler.py:
Site: mis.training.local
Queued events for site mis.training.local
[DEBUG] 2019-04-04 16:53:07,375 | /opt/erpnext/frappe-training/apps/frappe/frappe/utils/scheduler.py:
Site: mis.training.local
Queued events for site mis.training.local
[DEBUG] 2019-04-04 16:54:07,538 | /opt/erpnext/frappe-training/apps/frappe/frappe/utils/scheduler.py:
Site: mis.training.local
Queued events for site mis.training.local
[DEBUG] 2019-04-04 16:55:07,680 | /opt/erpnext/frappe-training/apps/frappe/frappe/utils/scheduler.py:
Site: mis.training.local
Queued events for site mis.training.local
[DEBUG] 2019-04-04 16:56:07,884 | /opt/erpnext/frappe-training/apps/frappe/frappe/utils/scheduler.py:
Site: mis.training.local
Queued events for site mis.training.local
[DEBUG] 2019-04-04 16:57:08,074 | /opt/erpnext/frappe-training/apps/frappe/frappe/utils/scheduler.py:
Site: mis.training.local
Queued events for site mis.training.local
[DEBUG] 2019-04-04 16:58:08,276 | /opt/erpnext/frappe-training/apps/frappe/frappe/utils/scheduler.py:
Site: mis.training.local
Queued events for site mis.training.local
[DEBUG] 2019-04-04 16:59:08,412 | /opt/erpnext/frappe-training/apps/frappe/frappe/utils/scheduler.py:
Site: mis.training.local
Queued events for site mis.training.local
[DEBUG] 2019-04-04 17:00:08,756 | /opt/erpnext/frappe-training/apps/frappe/frappe/utils/scheduler.py:
Site: mis.training.local
Queued events for site mis.training.local
[DEBUG] 2019-04-04 17:01:09,032 | /opt/erpnext/frappe-training/apps/frappe/frappe/utils/scheduler.py:
Site: mis.training.local
Queued events for site mis.training.local
[DEBUG] 2019-04-05 09:10:51,189 | /opt/erpnext/frappe-training/apps/frappe/frappe/utils/scheduler.py:
Site: mis.training.local
Queued events for site mis.training.local
[DEBUG] 2019-04-05 09:11:53,330 | /opt/erpnext/frappe-training/apps/frappe/frappe/utils/scheduler.py:
Site: mis.training.local
Queued events for site mis.training.local
[DEBUG] 2019-04-05 09:12:53,601 | /opt/erpnext/frappe-training/apps/frappe/frappe/utils/scheduler.py:
Site: mis.training.local
Queued events for site mis.training.local
[DEBUG] 2019-04-05 09:13:53,760 | /opt/erpnext/frappe-training/apps/frappe/frappe/utils/scheduler.py:
Site: mis.training.local
Queued events for site mis.training.local
[DEBUG] 2019-04-05 09:14:53,916 | /opt/erpnext/frappe-training/apps/frappe/frappe/utils/scheduler.py:
Site: mis.training.local
Queued events for site mis.training.local
[DEBUG] 2019-04-05 09:15:54,056 | /opt/erpnext/frappe-training/apps/frappe/frappe/utils/scheduler.py:
Site: mis.training.local
Queued events for site mis.training.local
[DEBUG] 2019-04-05 09:16:55,075 | /opt/erpnext/frappe-training/apps/frappe/frappe/utils/scheduler.py:
Site: mis.training.local
Queued events for site mis.training.local
[DEBUG] 2019-04-05 09:17:55,460 | /opt/erpnext/frappe-training/apps/frappe/frappe/utils/scheduler.py:
Site: mis.training.local
Queued events for site mis.training.local
[DEBUG] 2019-04-05 09:18:55,672 | /opt/erpnext/frappe-training/apps/frappe/frappe/utils/scheduler.py:
Site: mis.training.local
Queued events for site mis.training.local
[DEBUG] 2019-04-05 09:19:55,891 | /opt/erpnext/frappe-training/apps/frappe/frappe/utils/scheduler.py:
Site: mis.training.local
Queued events for site mis.training.local
[DEBUG] 2019-04-05 09:20:56,128 | /opt/erpnext/frappe-training/apps/frappe/frappe/utils/scheduler.py:
Site: mis.training.local
Queued events for site mis.training.local
[DEBUG] 2019-04-05 09:21:56,322 | /opt/erpnext/frappe-training/apps/frappe/frappe/utils/scheduler.py:
Site: mis.training.local
Queued events for site mis.training.local
[DEBUG] 2019-04-05 09:22:56,467 | /opt/erpnext/frappe-training/apps/frappe/frappe/utils/scheduler.py:
Site: mis.training.local
Queued events for site mis.training.local
[DEBUG] 2019-04-05 09:24:45,168 | /opt/erpnext/frappe-training/apps/frappe/frappe/utils/scheduler.py:
Site: mis.training.local
Queued events for site mis.training.local
[DEBUG] 2019-04-05 09:25:45,528 | /opt/erpnext/frappe-training/apps/frappe/frappe/utils/scheduler.py:
Site: mis.training.local
Queued events for site mis.training.local
[DEBUG] 2019-04-05 09:26:45,714 | /opt/erpnext/frappe-training/apps/frappe/frappe/utils/scheduler.py:
Site: mis.training.local
Queued events for site mis.training.local
[DEBUG] 2019-04-05 09:27:45,896 | /opt/erpnext/frappe-training/apps/frappe/frappe/utils/scheduler.py:
Site: mis.training.local
Queued events for site mis.training.local
[DEBUG] 2019-04-05 09:28:46,209 | /opt/erpnext/frappe-training/apps/frappe/frappe/utils/scheduler.py:
Site: mis.training.local
Queued events for site mis.training.local
[DEBUG] 2019-04-05 09:29:46,407 | /opt/erpnext/frappe-training/apps/frappe/frappe/utils/scheduler.py:
Site: mis.training.local
Queued events for site mis.training.local
[DEBUG] 2019-04-05 09:30:46,566 | /opt/erpnext/frappe-training/apps/frappe/frappe/utils/scheduler.py:
Site: mis.training.local
Queued events for site mis.training.local
[DEBUG] 2019-04-05 09:31:46,722 | /opt/erpnext/frappe-training/apps/frappe/frappe/utils/scheduler.py:
Site: mis.training.local
Queued events for site mis.training.local
[ERROR] 2019-04-05 09:32:25,291 | /opt/erpnext/frappe-training/apps/frappe/frappe/app.py:
Site: mis.training.local
Form Dict: {
 "cached_timestamp": "",
 "cmd": "frappe.desk.form.load.getdoctype",
 "doctype": "Request Pinjaman",
 "with_parent": "1"
}
Request Error
Traceback (most recent call last):
  File "/opt/erpnext/frappe-training/apps/frappe/frappe/app.py", line 61, in application
    response = frappe.handler.handle()
  File "/opt/erpnext/frappe-training/apps/frappe/frappe/handler.py", line 21, in handle
    data = execute_cmd(cmd)
  File "/opt/erpnext/frappe-training/apps/frappe/frappe/handler.py", line 56, in execute_cmd
    return frappe.call(method, **frappe.form_dict)
  File "/opt/erpnext/frappe-training/apps/frappe/frappe/__init__.py", line 1019, in call
    return fn(*args, **newargs)
  File "/opt/erpnext/frappe-training/apps/frappe/frappe/desk/form/load.py", line 71, in getdoctype
    docs = get_meta_bundle(doctype)
  File "/opt/erpnext/frappe-training/apps/frappe/frappe/desk/form/load.py", line 81, in get_meta_bundle
    bundle = [frappe.desk.form.meta.get_meta(doctype)]
  File "/opt/erpnext/frappe-training/apps/frappe/frappe/desk/form/meta.py", line 29, in get_meta
    meta = FormMeta(doctype)
  File "/opt/erpnext/frappe-training/apps/frappe/frappe/desk/form/meta.py", line 39, in __init__
    self.load_assets()
  File "/opt/erpnext/frappe-training/apps/frappe/frappe/desk/form/meta.py", line 53, in load_assets
    self.load_templates()
  File "/opt/erpnext/frappe-training/apps/frappe/frappe/desk/form/meta.py", line 174, in load_templates
    module = load_doctype_module(self.name)
  File "/opt/erpnext/frappe-training/apps/frappe/frappe/modules/utils.py", line 185, in load_doctype_module
    doctype_python_modules[key] = frappe.get_module(module_name)
  File "/opt/erpnext/frappe-training/apps/frappe/frappe/__init__.py", line 795, in get_module
    return importlib.import_module(modulename)
  File "/opt/erpnext/frappe-training/env/lib/python3.6/importlib/__init__.py", line 126, in import_module
    return _bootstrap._gcd_import(name[level:], package, level)
  File "<frozen importlib._bootstrap>", line 994, in _gcd_import
  File "<frozen importlib._bootstrap>", line 971, in _find_and_load
  File "<frozen importlib._bootstrap>", line 955, in _find_and_load_unlocked
  File "<frozen importlib._bootstrap>", line 665, in _load_unlocked
  File "<frozen importlib._bootstrap_external>", line 674, in exec_module
  File "<frozen importlib._bootstrap_external>", line 781, in get_code
  File "<frozen importlib._bootstrap_external>", line 741, in source_to_code
  File "<frozen importlib._bootstrap>", line 219, in _call_with_frames_removed
  File "/opt/erpnext/frappe-training/apps/libraryku/libraryku/library_ku/doctype/request_pinjaman/request_pinjaman.py", line 16
    
    ^
SyntaxError: unexpected EOF while parsing
[ERROR] 2019-04-05 09:32:25,404 | /opt/erpnext/frappe-training/apps/frappe/frappe/utils/error.py:
Could not take error snapshot: startswith first arg must be str or a tuple of str, not bytes
Traceback (most recent call last):
  File "/opt/erpnext/frappe-training/apps/frappe/frappe/app.py", line 61, in application
    response = frappe.handler.handle()
  File "/opt/erpnext/frappe-training/apps/frappe/frappe/handler.py", line 21, in handle
    data = execute_cmd(cmd)
  File "/opt/erpnext/frappe-training/apps/frappe/frappe/handler.py", line 56, in execute_cmd
    return frappe.call(method, **frappe.form_dict)
  File "/opt/erpnext/frappe-training/apps/frappe/frappe/__init__.py", line 1019, in call
    return fn(*args, **newargs)
  File "/opt/erpnext/frappe-training/apps/frappe/frappe/desk/form/load.py", line 71, in getdoctype
    docs = get_meta_bundle(doctype)
  File "/opt/erpnext/frappe-training/apps/frappe/frappe/desk/form/load.py", line 81, in get_meta_bundle
    bundle = [frappe.desk.form.meta.get_meta(doctype)]
  File "/opt/erpnext/frappe-training/apps/frappe/frappe/desk/form/meta.py", line 29, in get_meta
    meta = FormMeta(doctype)
  File "/opt/erpnext/frappe-training/apps/frappe/frappe/desk/form/meta.py", line 39, in __init__
    self.load_assets()
  File "/opt/erpnext/frappe-training/apps/frappe/frappe/desk/form/meta.py", line 53, in load_assets
    self.load_templates()
  File "/opt/erpnext/frappe-training/apps/frappe/frappe/desk/form/meta.py", line 174, in load_templates
    module = load_doctype_module(self.name)
  File "/opt/erpnext/frappe-training/apps/frappe/frappe/modules/utils.py", line 185, in load_doctype_module
    doctype_python_modules[key] = frappe.get_module(module_name)
  File "/opt/erpnext/frappe-training/apps/frappe/frappe/__init__.py", line 795, in get_module
    return importlib.import_module(modulename)
  File "/opt/erpnext/frappe-training/env/lib/python3.6/importlib/__init__.py", line 126, in import_module
    return _bootstrap._gcd_import(name[level:], package, level)
  File "<frozen importlib._bootstrap>", line 994, in _gcd_import
  File "<frozen importlib._bootstrap>", line 971, in _find_and_load
  File "<frozen importlib._bootstrap>", line 955, in _find_and_load_unlocked
  File "<frozen importlib._bootstrap>", line 665, in _load_unlocked
  File "<frozen importlib._bootstrap_external>", line 674, in exec_module
  File "<frozen importlib._bootstrap_external>", line 781, in get_code
  File "<frozen importlib._bootstrap_external>", line 741, in source_to_code
  File "<frozen importlib._bootstrap>", line 219, in _call_with_frames_removed
  File "/opt/erpnext/frappe-training/apps/libraryku/libraryku/library_ku/doctype/request_pinjaman/request_pinjaman.py", line 16
    
    ^
SyntaxError: unexpected EOF while parsing

During handling of the above exception, another exception occurred:

Traceback (most recent call last):
  File "/opt/erpnext/frappe-training/apps/frappe/frappe/utils/error.py", line 36, in make_error_snapshot
    snapshot = get_snapshot(exception)
  File "/opt/erpnext/frappe-training/apps/frappe/frappe/utils/error.py", line 131, in get_snapshot
    if type(value)==str and value.startswith(b"u'"):
TypeError: startswith first arg must be str or a tuple of str, not bytes
[ERROR] 2019-04-05 09:32:25,721 | /opt/erpnext/frappe-training/apps/frappe/frappe/app.py:
Site: mis.training.local
Form Dict: {
 "cached_timestamp": "",
 "cmd": "frappe.desk.form.load.getdoctype",
 "doctype": "Request Pinjaman",
 "with_parent": "1"
}
Request Error
Traceback (most recent call last):
  File "/opt/erpnext/frappe-training/apps/frappe/frappe/app.py", line 61, in application
    response = frappe.handler.handle()
  File "/opt/erpnext/frappe-training/apps/frappe/frappe/handler.py", line 21, in handle
    data = execute_cmd(cmd)
  File "/opt/erpnext/frappe-training/apps/frappe/frappe/handler.py", line 56, in execute_cmd
    return frappe.call(method, **frappe.form_dict)
  File "/opt/erpnext/frappe-training/apps/frappe/frappe/__init__.py", line 1019, in call
    return fn(*args, **newargs)
  File "/opt/erpnext/frappe-training/apps/frappe/frappe/desk/form/load.py", line 71, in getdoctype
    docs = get_meta_bundle(doctype)
  File "/opt/erpnext/frappe-training/apps/frappe/frappe/desk/form/load.py", line 81, in get_meta_bundle
    bundle = [frappe.desk.form.meta.get_meta(doctype)]
  File "/opt/erpnext/frappe-training/apps/frappe/frappe/desk/form/meta.py", line 29, in get_meta
    meta = FormMeta(doctype)
  File "/opt/erpnext/frappe-training/apps/frappe/frappe/desk/form/meta.py", line 39, in __init__
    self.load_assets()
  File "/opt/erpnext/frappe-training/apps/frappe/frappe/desk/form/meta.py", line 53, in load_assets
    self.load_templates()
  File "/opt/erpnext/frappe-training/apps/frappe/frappe/desk/form/meta.py", line 174, in load_templates
    module = load_doctype_module(self.name)
  File "/opt/erpnext/frappe-training/apps/frappe/frappe/modules/utils.py", line 185, in load_doctype_module
    doctype_python_modules[key] = frappe.get_module(module_name)
  File "/opt/erpnext/frappe-training/apps/frappe/frappe/__init__.py", line 795, in get_module
    return importlib.import_module(modulename)
  File "/opt/erpnext/frappe-training/env/lib/python3.6/importlib/__init__.py", line 126, in import_module
    return _bootstrap._gcd_import(name[level:], package, level)
  File "<frozen importlib._bootstrap>", line 994, in _gcd_import
  File "<frozen importlib._bootstrap>", line 971, in _find_and_load
  File "<frozen importlib._bootstrap>", line 955, in _find_and_load_unlocked
  File "<frozen importlib._bootstrap>", line 665, in _load_unlocked
  File "<frozen importlib._bootstrap_external>", line 674, in exec_module
  File "<frozen importlib._bootstrap_external>", line 781, in get_code
  File "<frozen importlib._bootstrap_external>", line 741, in source_to_code
  File "<frozen importlib._bootstrap>", line 219, in _call_with_frames_removed
  File "/opt/erpnext/frappe-training/apps/libraryku/libraryku/library_ku/doctype/request_pinjaman/request_pinjaman.py", line 16
    
    ^
SyntaxError: unexpected EOF while parsing
[ERROR] 2019-04-05 09:32:25,766 | /opt/erpnext/frappe-training/apps/frappe/frappe/utils/error.py:
Could not take error snapshot: startswith first arg must be str or a tuple of str, not bytes
Traceback (most recent call last):
  File "/opt/erpnext/frappe-training/apps/frappe/frappe/app.py", line 61, in application
    response = frappe.handler.handle()
  File "/opt/erpnext/frappe-training/apps/frappe/frappe/handler.py", line 21, in handle
    data = execute_cmd(cmd)
  File "/opt/erpnext/frappe-training/apps/frappe/frappe/handler.py", line 56, in execute_cmd
    return frappe.call(method, **frappe.form_dict)
  File "/opt/erpnext/frappe-training/apps/frappe/frappe/__init__.py", line 1019, in call
    return fn(*args, **newargs)
  File "/opt/erpnext/frappe-training/apps/frappe/frappe/desk/form/load.py", line 71, in getdoctype
    docs = get_meta_bundle(doctype)
  File "/opt/erpnext/frappe-training/apps/frappe/frappe/desk/form/load.py", line 81, in get_meta_bundle
    bundle = [frappe.desk.form.meta.get_meta(doctype)]
  File "/opt/erpnext/frappe-training/apps/frappe/frappe/desk/form/meta.py", line 29, in get_meta
    meta = FormMeta(doctype)
  File "/opt/erpnext/frappe-training/apps/frappe/frappe/desk/form/meta.py", line 39, in __init__
    self.load_assets()
  File "/opt/erpnext/frappe-training/apps/frappe/frappe/desk/form/meta.py", line 53, in load_assets
    self.load_templates()
  File "/opt/erpnext/frappe-training/apps/frappe/frappe/desk/form/meta.py", line 174, in load_templates
    module = load_doctype_module(self.name)
  File "/opt/erpnext/frappe-training/apps/frappe/frappe/modules/utils.py", line 185, in load_doctype_module
    doctype_python_modules[key] = frappe.get_module(module_name)
  File "/opt/erpnext/frappe-training/apps/frappe/frappe/__init__.py", line 795, in get_module
    return importlib.import_module(modulename)
  File "/opt/erpnext/frappe-training/env/lib/python3.6/importlib/__init__.py", line 126, in import_module
    return _bootstrap._gcd_import(name[level:], package, level)
  File "<frozen importlib._bootstrap>", line 994, in _gcd_import
  File "<frozen importlib._bootstrap>", line 971, in _find_and_load
  File "<frozen importlib._bootstrap>", line 955, in _find_and_load_unlocked
  File "<frozen importlib._bootstrap>", line 665, in _load_unlocked
  File "<frozen importlib._bootstrap_external>", line 674, in exec_module
  File "<frozen importlib._bootstrap_external>", line 781, in get_code
  File "<frozen importlib._bootstrap_external>", line 741, in source_to_code
  File "<frozen importlib._bootstrap>", line 219, in _call_with_frames_removed
  File "/opt/erpnext/frappe-training/apps/libraryku/libraryku/library_ku/doctype/request_pinjaman/request_pinjaman.py", line 16
    
    ^
SyntaxError: unexpected EOF while parsing

During handling of the above exception, another exception occurred:

Traceback (most recent call last):
  File "/opt/erpnext/frappe-training/apps/frappe/frappe/utils/error.py", line 36, in make_error_snapshot
    snapshot = get_snapshot(exception)
  File "/opt/erpnext/frappe-training/apps/frappe/frappe/utils/error.py", line 131, in get_snapshot
    if type(value)==str and value.startswith(b"u'"):
TypeError: startswith first arg must be str or a tuple of str, not bytes
[ERROR] 2019-04-05 09:32:34,224 | /opt/erpnext/frappe-training/apps/frappe/frappe/app.py:
Site: mis.training.local
Form Dict: {
 "cached_timestamp": "",
 "cmd": "frappe.desk.form.load.getdoctype",
 "doctype": "Request Pinjaman",
 "with_parent": "1"
}
Request Error
Traceback (most recent call last):
  File "/opt/erpnext/frappe-training/apps/frappe/frappe/app.py", line 61, in application
    response = frappe.handler.handle()
  File "/opt/erpnext/frappe-training/apps/frappe/frappe/handler.py", line 21, in handle
    data = execute_cmd(cmd)
  File "/opt/erpnext/frappe-training/apps/frappe/frappe/handler.py", line 56, in execute_cmd
    return frappe.call(method, **frappe.form_dict)
  File "/opt/erpnext/frappe-training/apps/frappe/frappe/__init__.py", line 1019, in call
    return fn(*args, **newargs)
  File "/opt/erpnext/frappe-training/apps/frappe/frappe/desk/form/load.py", line 71, in getdoctype
    docs = get_meta_bundle(doctype)
  File "/opt/erpnext/frappe-training/apps/frappe/frappe/desk/form/load.py", line 81, in get_meta_bundle
    bundle = [frappe.desk.form.meta.get_meta(doctype)]
  File "/opt/erpnext/frappe-training/apps/frappe/frappe/desk/form/meta.py", line 29, in get_meta
    meta = FormMeta(doctype)
  File "/opt/erpnext/frappe-training/apps/frappe/frappe/desk/form/meta.py", line 39, in __init__
    self.load_assets()
  File "/opt/erpnext/frappe-training/apps/frappe/frappe/desk/form/meta.py", line 53, in load_assets
    self.load_templates()
  File "/opt/erpnext/frappe-training/apps/frappe/frappe/desk/form/meta.py", line 174, in load_templates
    module = load_doctype_module(self.name)
  File "/opt/erpnext/frappe-training/apps/frappe/frappe/modules/utils.py", line 185, in load_doctype_module
    doctype_python_modules[key] = frappe.get_module(module_name)
  File "/opt/erpnext/frappe-training/apps/frappe/frappe/__init__.py", line 795, in get_module
    return importlib.import_module(modulename)
  File "/opt/erpnext/frappe-training/env/lib/python3.6/importlib/__init__.py", line 126, in import_module
    return _bootstrap._gcd_import(name[level:], package, level)
  File "<frozen importlib._bootstrap>", line 994, in _gcd_import
  File "<frozen importlib._bootstrap>", line 971, in _find_and_load
  File "<frozen importlib._bootstrap>", line 955, in _find_and_load_unlocked
  File "<frozen importlib._bootstrap>", line 665, in _load_unlocked
  File "<frozen importlib._bootstrap_external>", line 674, in exec_module
  File "<frozen importlib._bootstrap_external>", line 781, in get_code
  File "<frozen importlib._bootstrap_external>", line 741, in source_to_code
  File "<frozen importlib._bootstrap>", line 219, in _call_with_frames_removed
  File "/opt/erpnext/frappe-training/apps/libraryku/libraryku/library_ku/doctype/request_pinjaman/request_pinjaman.py", line 16
    
    ^
SyntaxError: unexpected EOF while parsing
[ERROR] 2019-04-05 09:32:34,254 | /opt/erpnext/frappe-training/apps/frappe/frappe/utils/error.py:
Could not take error snapshot: startswith first arg must be str or a tuple of str, not bytes
Traceback (most recent call last):
  File "/opt/erpnext/frappe-training/apps/frappe/frappe/app.py", line 61, in application
    response = frappe.handler.handle()
  File "/opt/erpnext/frappe-training/apps/frappe/frappe/handler.py", line 21, in handle
    data = execute_cmd(cmd)
  File "/opt/erpnext/frappe-training/apps/frappe/frappe/handler.py", line 56, in execute_cmd
    return frappe.call(method, **frappe.form_dict)
  File "/opt/erpnext/frappe-training/apps/frappe/frappe/__init__.py", line 1019, in call
    return fn(*args, **newargs)
  File "/opt/erpnext/frappe-training/apps/frappe/frappe/desk/form/load.py", line 71, in getdoctype
    docs = get_meta_bundle(doctype)
  File "/opt/erpnext/frappe-training/apps/frappe/frappe/desk/form/load.py", line 81, in get_meta_bundle
    bundle = [frappe.desk.form.meta.get_meta(doctype)]
  File "/opt/erpnext/frappe-training/apps/frappe/frappe/desk/form/meta.py", line 29, in get_meta
    meta = FormMeta(doctype)
  File "/opt/erpnext/frappe-training/apps/frappe/frappe/desk/form/meta.py", line 39, in __init__
    self.load_assets()
  File "/opt/erpnext/frappe-training/apps/frappe/frappe/desk/form/meta.py", line 53, in load_assets
    self.load_templates()
  File "/opt/erpnext/frappe-training/apps/frappe/frappe/desk/form/meta.py", line 174, in load_templates
    module = load_doctype_module(self.name)
  File "/opt/erpnext/frappe-training/apps/frappe/frappe/modules/utils.py", line 185, in load_doctype_module
    doctype_python_modules[key] = frappe.get_module(module_name)
  File "/opt/erpnext/frappe-training/apps/frappe/frappe/__init__.py", line 795, in get_module
    return importlib.import_module(modulename)
  File "/opt/erpnext/frappe-training/env/lib/python3.6/importlib/__init__.py", line 126, in import_module
    return _bootstrap._gcd_import(name[level:], package, level)
  File "<frozen importlib._bootstrap>", line 994, in _gcd_import
  File "<frozen importlib._bootstrap>", line 971, in _find_and_load
  File "<frozen importlib._bootstrap>", line 955, in _find_and_load_unlocked
  File "<frozen importlib._bootstrap>", line 665, in _load_unlocked
  File "<frozen importlib._bootstrap_external>", line 674, in exec_module
  File "<frozen importlib._bootstrap_external>", line 781, in get_code
  File "<frozen importlib._bootstrap_external>", line 741, in source_to_code
  File "<frozen importlib._bootstrap>", line 219, in _call_with_frames_removed
  File "/opt/erpnext/frappe-training/apps/libraryku/libraryku/library_ku/doctype/request_pinjaman/request_pinjaman.py", line 16
    
    ^
SyntaxError: unexpected EOF while parsing

During handling of the above exception, another exception occurred:

Traceback (most recent call last):
  File "/opt/erpnext/frappe-training/apps/frappe/frappe/utils/error.py", line 36, in make_error_snapshot
    snapshot = get_snapshot(exception)
  File "/opt/erpnext/frappe-training/apps/frappe/frappe/utils/error.py", line 131, in get_snapshot
    if type(value)==str and value.startswith(b"u'"):
TypeError: startswith first arg must be str or a tuple of str, not bytes
[ERROR] 2019-04-05 09:32:39,574 | /opt/erpnext/frappe-training/apps/frappe/frappe/app.py:
Site: mis.training.local
Form Dict: {
 "cached_timestamp": "",
 "cmd": "frappe.desk.form.load.getdoctype",
 "doctype": "Request Pinjaman",
 "with_parent": "1"
}
Request Error
Traceback (most recent call last):
  File "/opt/erpnext/frappe-training/apps/frappe/frappe/app.py", line 61, in application
    response = frappe.handler.handle()
  File "/opt/erpnext/frappe-training/apps/frappe/frappe/handler.py", line 21, in handle
    data = execute_cmd(cmd)
  File "/opt/erpnext/frappe-training/apps/frappe/frappe/handler.py", line 56, in execute_cmd
    return frappe.call(method, **frappe.form_dict)
  File "/opt/erpnext/frappe-training/apps/frappe/frappe/__init__.py", line 1019, in call
    return fn(*args, **newargs)
  File "/opt/erpnext/frappe-training/apps/frappe/frappe/desk/form/load.py", line 71, in getdoctype
    docs = get_meta_bundle(doctype)
  File "/opt/erpnext/frappe-training/apps/frappe/frappe/desk/form/load.py", line 81, in get_meta_bundle
    bundle = [frappe.desk.form.meta.get_meta(doctype)]
  File "/opt/erpnext/frappe-training/apps/frappe/frappe/desk/form/meta.py", line 29, in get_meta
    meta = FormMeta(doctype)
  File "/opt/erpnext/frappe-training/apps/frappe/frappe/desk/form/meta.py", line 39, in __init__
    self.load_assets()
  File "/opt/erpnext/frappe-training/apps/frappe/frappe/desk/form/meta.py", line 53, in load_assets
    self.load_templates()
  File "/opt/erpnext/frappe-training/apps/frappe/frappe/desk/form/meta.py", line 174, in load_templates
    module = load_doctype_module(self.name)
  File "/opt/erpnext/frappe-training/apps/frappe/frappe/modules/utils.py", line 185, in load_doctype_module
    doctype_python_modules[key] = frappe.get_module(module_name)
  File "/opt/erpnext/frappe-training/apps/frappe/frappe/__init__.py", line 795, in get_module
    return importlib.import_module(modulename)
  File "/opt/erpnext/frappe-training/env/lib/python3.6/importlib/__init__.py", line 126, in import_module
    return _bootstrap._gcd_import(name[level:], package, level)
  File "<frozen importlib._bootstrap>", line 994, in _gcd_import
  File "<frozen importlib._bootstrap>", line 971, in _find_and_load
  File "<frozen importlib._bootstrap>", line 955, in _find_and_load_unlocked
  File "<frozen importlib._bootstrap>", line 665, in _load_unlocked
  File "<frozen importlib._bootstrap_external>", line 674, in exec_module
  File "<frozen importlib._bootstrap_external>", line 781, in get_code
  File "<frozen importlib._bootstrap_external>", line 741, in source_to_code
  File "<frozen importlib._bootstrap>", line 219, in _call_with_frames_removed
  File "/opt/erpnext/frappe-training/apps/libraryku/libraryku/library_ku/doctype/request_pinjaman/request_pinjaman.py", line 16
    
    ^
SyntaxError: unexpected EOF while parsing
[ERROR] 2019-04-05 09:32:39,650 | /opt/erpnext/frappe-training/apps/frappe/frappe/utils/error.py:
Could not take error snapshot: startswith first arg must be str or a tuple of str, not bytes
Traceback (most recent call last):
  File "/opt/erpnext/frappe-training/apps/frappe/frappe/app.py", line 61, in application
    response = frappe.handler.handle()
  File "/opt/erpnext/frappe-training/apps/frappe/frappe/handler.py", line 21, in handle
    data = execute_cmd(cmd)
  File "/opt/erpnext/frappe-training/apps/frappe/frappe/handler.py", line 56, in execute_cmd
    return frappe.call(method, **frappe.form_dict)
  File "/opt/erpnext/frappe-training/apps/frappe/frappe/__init__.py", line 1019, in call
    return fn(*args, **newargs)
  File "/opt/erpnext/frappe-training/apps/frappe/frappe/desk/form/load.py", line 71, in getdoctype
    docs = get_meta_bundle(doctype)
  File "/opt/erpnext/frappe-training/apps/frappe/frappe/desk/form/load.py", line 81, in get_meta_bundle
    bundle = [frappe.desk.form.meta.get_meta(doctype)]
  File "/opt/erpnext/frappe-training/apps/frappe/frappe/desk/form/meta.py", line 29, in get_meta
    meta = FormMeta(doctype)
  File "/opt/erpnext/frappe-training/apps/frappe/frappe/desk/form/meta.py", line 39, in __init__
    self.load_assets()
  File "/opt/erpnext/frappe-training/apps/frappe/frappe/desk/form/meta.py", line 53, in load_assets
    self.load_templates()
  File "/opt/erpnext/frappe-training/apps/frappe/frappe/desk/form/meta.py", line 174, in load_templates
    module = load_doctype_module(self.name)
  File "/opt/erpnext/frappe-training/apps/frappe/frappe/modules/utils.py", line 185, in load_doctype_module
    doctype_python_modules[key] = frappe.get_module(module_name)
  File "/opt/erpnext/frappe-training/apps/frappe/frappe/__init__.py", line 795, in get_module
    return importlib.import_module(modulename)
  File "/opt/erpnext/frappe-training/env/lib/python3.6/importlib/__init__.py", line 126, in import_module
    return _bootstrap._gcd_import(name[level:], package, level)
  File "<frozen importlib._bootstrap>", line 994, in _gcd_import
  File "<frozen importlib._bootstrap>", line 971, in _find_and_load
  File "<frozen importlib._bootstrap>", line 955, in _find_and_load_unlocked
  File "<frozen importlib._bootstrap>", line 665, in _load_unlocked
  File "<frozen importlib._bootstrap_external>", line 674, in exec_module
  File "<frozen importlib._bootstrap_external>", line 781, in get_code
  File "<frozen importlib._bootstrap_external>", line 741, in source_to_code
  File "<frozen importlib._bootstrap>", line 219, in _call_with_frames_removed
  File "/opt/erpnext/frappe-training/apps/libraryku/libraryku/library_ku/doctype/request_pinjaman/request_pinjaman.py", line 16
    
    ^
SyntaxError: unexpected EOF while parsing

During handling of the above exception, another exception occurred:

Traceback (most recent call last):
  File "/opt/erpnext/frappe-training/apps/frappe/frappe/utils/error.py", line 36, in make_error_snapshot
    snapshot = get_snapshot(exception)
  File "/opt/erpnext/frappe-training/apps/frappe/frappe/utils/error.py", line 131, in get_snapshot
    if type(value)==str and value.startswith(b"u'"):
TypeError: startswith first arg must be str or a tuple of str, not bytes
[DEBUG] 2019-04-05 09:32:46,972 | /opt/erpnext/frappe-training/apps/frappe/frappe/utils/scheduler.py:
Site: mis.training.local
Queued events for site mis.training.local
[DEBUG] 2019-04-05 09:33:47,158 | /opt/erpnext/frappe-training/apps/frappe/frappe/utils/scheduler.py:
Site: mis.training.local
Queued events for site mis.training.local
[DEBUG] 2019-04-05 09:34:47,337 | /opt/erpnext/frappe-training/apps/frappe/frappe/utils/scheduler.py:
Site: mis.training.local
Queued events for site mis.training.local
[DEBUG] 2019-04-05 09:35:47,564 | /opt/erpnext/frappe-training/apps/frappe/frappe/utils/scheduler.py:
Site: mis.training.local
Queued events for site mis.training.local
[DEBUG] 2019-04-05 09:36:47,754 | /opt/erpnext/frappe-training/apps/frappe/frappe/utils/scheduler.py:
Site: mis.training.local
Queued events for site mis.training.local
[DEBUG] 2019-04-05 09:37:47,970 | /opt/erpnext/frappe-training/apps/frappe/frappe/utils/scheduler.py:
Site: mis.training.local
Queued events for site mis.training.local
[DEBUG] 2019-04-05 09:38:48,245 | /opt/erpnext/frappe-training/apps/frappe/frappe/utils/scheduler.py:
Site: mis.training.local
Queued events for site mis.training.local
[DEBUG] 2019-04-05 09:39:48,540 | /opt/erpnext/frappe-training/apps/frappe/frappe/utils/scheduler.py:
Site: mis.training.local
Queued events for site mis.training.local
[DEBUG] 2019-04-05 09:40:48,722 | /opt/erpnext/frappe-training/apps/frappe/frappe/utils/scheduler.py:
Site: mis.training.local
Queued events for site mis.training.local
[DEBUG] 2019-04-05 09:41:48,888 | /opt/erpnext/frappe-training/apps/frappe/frappe/utils/scheduler.py:
Site: mis.training.local
Queued events for site mis.training.local
[DEBUG] 2019-04-05 09:42:49,118 | /opt/erpnext/frappe-training/apps/frappe/frappe/utils/scheduler.py:
Site: mis.training.local
Queued events for site mis.training.local
[DEBUG] 2019-04-05 09:43:49,291 | /opt/erpnext/frappe-training/apps/frappe/frappe/utils/scheduler.py:
Site: mis.training.local
Queued events for site mis.training.local
[DEBUG] 2019-04-05 09:44:49,441 | /opt/erpnext/frappe-training/apps/frappe/frappe/utils/scheduler.py:
Site: mis.training.local
Queued events for site mis.training.local
[DEBUG] 2019-04-05 09:45:49,740 | /opt/erpnext/frappe-training/apps/frappe/frappe/utils/scheduler.py:
Site: mis.training.local
Queued events for site mis.training.local
[DEBUG] 2019-04-05 09:46:49,947 | /opt/erpnext/frappe-training/apps/frappe/frappe/utils/scheduler.py:
Site: mis.training.local
Queued events for site mis.training.local
[DEBUG] 2019-04-05 09:47:50,121 | /opt/erpnext/frappe-training/apps/frappe/frappe/utils/scheduler.py:
Site: mis.training.local
Queued events for site mis.training.local
[DEBUG] 2019-04-05 09:48:50,521 | /opt/erpnext/frappe-training/apps/frappe/frappe/utils/scheduler.py:
Site: mis.training.local
Queued events for site mis.training.local
[DEBUG] 2019-04-05 10:04:20,803 | /opt/erpnext/frappe-training/apps/frappe/frappe/utils/scheduler.py:
Site: mis.training.local
Queued events for site mis.training.local
[DEBUG] 2019-04-05 10:05:20,957 | /opt/erpnext/frappe-training/apps/frappe/frappe/utils/scheduler.py:
Site: mis.training.local
Queued events for site mis.training.local
[DEBUG] 2019-04-05 10:06:23,546 | /opt/erpnext/frappe-training/apps/frappe/frappe/utils/scheduler.py:
Site: mis.training.local
Queued events for site mis.training.local
[DEBUG] 2019-04-05 10:07:23,938 | /opt/erpnext/frappe-training/apps/frappe/frappe/utils/scheduler.py:
Site: mis.training.local
Queued events for site mis.training.local
[DEBUG] 2019-04-05 10:08:24,381 | /opt/erpnext/frappe-training/apps/frappe/frappe/utils/scheduler.py:
Site: mis.training.local
Queued events for site mis.training.local
[DEBUG] 2019-04-05 10:09:24,548 | /opt/erpnext/frappe-training/apps/frappe/frappe/utils/scheduler.py:
Site: mis.training.local
Queued events for site mis.training.local
[ERROR] 2019-04-05 10:09:32,932 | /opt/erpnext/frappe-training/apps/frappe/frappe/app.py:
Site: mis.training.local
Form Dict: {
 "cmd": "frappe.desk.reportview.delete_items",
 "doctype": "Master Buku",
 "items": "[\"f7a1900ba8\",2]"
}
Request Error
Traceback (most recent call last):
  File "/opt/erpnext/frappe-training/apps/frappe/frappe/app.py", line 61, in application
    response = frappe.handler.handle()
  File "/opt/erpnext/frappe-training/apps/frappe/frappe/handler.py", line 21, in handle
    data = execute_cmd(cmd)
  File "/opt/erpnext/frappe-training/apps/frappe/frappe/handler.py", line 56, in execute_cmd
    return frappe.call(method, **frappe.form_dict)
  File "/opt/erpnext/frappe-training/apps/frappe/frappe/__init__.py", line 1019, in call
    return fn(*args, **newargs)
  File "/opt/erpnext/frappe-training/apps/frappe/frappe/desk/reportview.py", line 217, in delete_items
    il = sorted(json.loads(frappe.form_dict.get('items')), reverse=True)
TypeError: '<' not supported between instances of 'str' and 'int'
[ERROR] 2019-04-05 10:09:33,077 | /opt/erpnext/frappe-training/apps/frappe/frappe/utils/error.py:
Could not take error snapshot: startswith first arg must be str or a tuple of str, not bytes
Traceback (most recent call last):
  File "/opt/erpnext/frappe-training/apps/frappe/frappe/app.py", line 61, in application
    response = frappe.handler.handle()
  File "/opt/erpnext/frappe-training/apps/frappe/frappe/handler.py", line 21, in handle
    data = execute_cmd(cmd)
  File "/opt/erpnext/frappe-training/apps/frappe/frappe/handler.py", line 56, in execute_cmd
    return frappe.call(method, **frappe.form_dict)
  File "/opt/erpnext/frappe-training/apps/frappe/frappe/__init__.py", line 1019, in call
    return fn(*args, **newargs)
  File "/opt/erpnext/frappe-training/apps/frappe/frappe/desk/reportview.py", line 217, in delete_items
    il = sorted(json.loads(frappe.form_dict.get('items')), reverse=True)
TypeError: '<' not supported between instances of 'str' and 'int'

During handling of the above exception, another exception occurred:

Traceback (most recent call last):
  File "/opt/erpnext/frappe-training/apps/frappe/frappe/utils/error.py", line 36, in make_error_snapshot
    snapshot = get_snapshot(exception)
  File "/opt/erpnext/frappe-training/apps/frappe/frappe/utils/error.py", line 131, in get_snapshot
    if type(value)==str and value.startswith(b"u'"):
TypeError: startswith first arg must be str or a tuple of str, not bytes
[DEBUG] 2019-04-05 10:10:24,707 | /opt/erpnext/frappe-training/apps/frappe/frappe/utils/scheduler.py:
Site: mis.training.local
Queued events for site mis.training.local
[DEBUG] 2019-04-05 10:11:24,849 | /opt/erpnext/frappe-training/apps/frappe/frappe/utils/scheduler.py:
Site: mis.training.local
Queued events for site mis.training.local
[DEBUG] 2019-04-05 10:12:25,086 | /opt/erpnext/frappe-training/apps/frappe/frappe/utils/scheduler.py:
Site: mis.training.local
Queued events for site mis.training.local
[DEBUG] 2019-04-05 10:13:25,343 | /opt/erpnext/frappe-training/apps/frappe/frappe/utils/scheduler.py:
Site: mis.training.local
Queued events for site mis.training.local
[DEBUG] 2019-04-05 10:14:25,492 | /opt/erpnext/frappe-training/apps/frappe/frappe/utils/scheduler.py:
Site: mis.training.local
Queued events for site mis.training.local
[DEBUG] 2019-04-05 10:15:25,619 | /opt/erpnext/frappe-training/apps/frappe/frappe/utils/scheduler.py:
Site: mis.training.local
Queued events for site mis.training.local
[DEBUG] 2019-04-05 10:16:25,773 | /opt/erpnext/frappe-training/apps/frappe/frappe/utils/scheduler.py:
Site: mis.training.local
Queued events for site mis.training.local
[DEBUG] 2019-04-05 10:17:25,901 | /opt/erpnext/frappe-training/apps/frappe/frappe/utils/scheduler.py:
Site: mis.training.local
Queued events for site mis.training.local
[DEBUG] 2019-04-05 10:18:26,018 | /opt/erpnext/frappe-training/apps/frappe/frappe/utils/scheduler.py:
Site: mis.training.local
Queued events for site mis.training.local
[DEBUG] 2019-04-05 10:19:26,137 | /opt/erpnext/frappe-training/apps/frappe/frappe/utils/scheduler.py:
Site: mis.training.local
Queued events for site mis.training.local
[DEBUG] 2019-04-05 10:20:26,295 | /opt/erpnext/frappe-training/apps/frappe/frappe/utils/scheduler.py:
Site: mis.training.local
Queued events for site mis.training.local
[DEBUG] 2019-04-05 10:21:26,453 | /opt/erpnext/frappe-training/apps/frappe/frappe/utils/scheduler.py:
Site: mis.training.local
Queued events for site mis.training.local
[DEBUG] 2019-04-05 10:22:26,581 | /opt/erpnext/frappe-training/apps/frappe/frappe/utils/scheduler.py:
Site: mis.training.local
Queued events for site mis.training.local
[DEBUG] 2019-04-05 10:23:28,741 | /opt/erpnext/frappe-training/apps/frappe/frappe/utils/scheduler.py:
Site: mis.training.local
Queued events for site mis.training.local
[DEBUG] 2019-04-05 10:24:28,965 | /opt/erpnext/frappe-training/apps/frappe/frappe/utils/scheduler.py:
Site: mis.training.local
Queued events for site mis.training.local
[DEBUG] 2019-04-05 10:25:29,287 | /opt/erpnext/frappe-training/apps/frappe/frappe/utils/scheduler.py:
Site: mis.training.local
Queued events for site mis.training.local
[DEBUG] 2019-04-05 10:26:29,465 | /opt/erpnext/frappe-training/apps/frappe/frappe/utils/scheduler.py:
Site: mis.training.local
Queued events for site mis.training.local
[DEBUG] 2019-04-05 10:27:29,637 | /opt/erpnext/frappe-training/apps/frappe/frappe/utils/scheduler.py:
Site: mis.training.local
Queued events for site mis.training.local
[DEBUG] 2019-04-05 10:28:29,919 | /opt/erpnext/frappe-training/apps/frappe/frappe/utils/scheduler.py:
Site: mis.training.local
Queued events for site mis.training.local
[DEBUG] 2019-04-05 10:29:30,096 | /opt/erpnext/frappe-training/apps/frappe/frappe/utils/scheduler.py:
Site: mis.training.local
Queued events for site mis.training.local
[DEBUG] 2019-04-05 10:30:30,288 | /opt/erpnext/frappe-training/apps/frappe/frappe/utils/scheduler.py:
Site: mis.training.local
Queued events for site mis.training.local
[DEBUG] 2019-04-05 10:31:30,459 | /opt/erpnext/frappe-training/apps/frappe/frappe/utils/scheduler.py:
Site: mis.training.local
Queued events for site mis.training.local
[DEBUG] 2019-04-05 10:32:30,645 | /opt/erpnext/frappe-training/apps/frappe/frappe/utils/scheduler.py:
Site: mis.training.local
Queued events for site mis.training.local
[DEBUG] 2019-04-05 10:33:30,859 | /opt/erpnext/frappe-training/apps/frappe/frappe/utils/scheduler.py:
Site: mis.training.local
Queued events for site mis.training.local
[DEBUG] 2019-04-05 10:34:30,983 | /opt/erpnext/frappe-training/apps/frappe/frappe/utils/scheduler.py:
Site: mis.training.local
Queued events for site mis.training.local
[DEBUG] 2019-04-05 10:35:31,163 | /opt/erpnext/frappe-training/apps/frappe/frappe/utils/scheduler.py:
Site: mis.training.local
Queued events for site mis.training.local
[DEBUG] 2019-04-05 10:36:31,355 | /opt/erpnext/frappe-training/apps/frappe/frappe/utils/scheduler.py:
Site: mis.training.local
Queued events for site mis.training.local
[DEBUG] 2019-04-05 14:04:51,603 | /opt/erpnext/frappe-training/apps/frappe/frappe/utils/scheduler.py:
Site: mis.training.local
Queued events for site mis.training.local
[DEBUG] 2019-04-05 14:05:52,347 | /opt/erpnext/frappe-training/apps/frappe/frappe/utils/scheduler.py:
Site: mis.training.local
Queued events for site mis.training.local
[DEBUG] 2019-04-05 14:06:52,497 | /opt/erpnext/frappe-training/apps/frappe/frappe/utils/scheduler.py:
Site: mis.training.local
Queued events for site mis.training.local
[DEBUG] 2019-04-05 14:07:52,653 | /opt/erpnext/frappe-training/apps/frappe/frappe/utils/scheduler.py:
Site: mis.training.local
Queued events for site mis.training.local
[DEBUG] 2019-04-05 14:09:10,254 | /opt/erpnext/frappe-training/apps/frappe/frappe/utils/scheduler.py:
Site: mis.training.local
Queued events for site mis.training.local
[DEBUG] 2019-04-05 14:10:13,757 | /opt/erpnext/frappe-training/apps/frappe/frappe/utils/scheduler.py:
Site: mis.training.local
Queued events for site mis.training.local
[DEBUG] 2019-04-05 14:11:19,746 | /opt/erpnext/frappe-training/apps/frappe/frappe/utils/scheduler.py:
Site: mis.training.local
Queued events for site mis.training.local
[DEBUG] 2019-04-05 14:12:38,827 | /opt/erpnext/frappe-training/apps/frappe/frappe/utils/scheduler.py:
Site: mis.training.local
Queued events for site mis.training.local
[DEBUG] 2019-04-05 14:13:42,179 | /opt/erpnext/frappe-training/apps/frappe/frappe/utils/scheduler.py:
Site: mis.training.local
Queued events for site mis.training.local
[DEBUG] 2019-04-05 14:14:42,402 | /opt/erpnext/frappe-training/apps/frappe/frappe/utils/scheduler.py:
Site: mis.training.local
Queued events for site mis.training.local
[DEBUG] 2019-04-05 14:15:42,570 | /opt/erpnext/frappe-training/apps/frappe/frappe/utils/scheduler.py:
Site: mis.training.local
Queued events for site mis.training.local
[DEBUG] 2019-04-05 14:16:42,939 | /opt/erpnext/frappe-training/apps/frappe/frappe/utils/scheduler.py:
Site: mis.training.local
Queued events for site mis.training.local
[DEBUG] 2019-04-05 14:17:43,212 | /opt/erpnext/frappe-training/apps/frappe/frappe/utils/scheduler.py:
Site: mis.training.local
Queued events for site mis.training.local
[DEBUG] 2019-04-05 14:18:43,387 | /opt/erpnext/frappe-training/apps/frappe/frappe/utils/scheduler.py:
Site: mis.training.local
Queued events for site mis.training.local
[DEBUG] 2019-04-05 14:19:43,562 | /opt/erpnext/frappe-training/apps/frappe/frappe/utils/scheduler.py:
Site: mis.training.local
Queued events for site mis.training.local
[ERROR] 2019-04-05 14:20:31,999 | /opt/erpnext/frappe-training/apps/frappe/frappe/app.py:
Site: mis.training.local
Form Dict: {
 "cmd": "frappe.core.doctype.user.user.reset_password",
 "user": "tio@gmail.com"
}
Request Error
Traceback (most recent call last):
  File "/opt/erpnext/frappe-training/apps/frappe/frappe/app.py", line 61, in application
    response = frappe.handler.handle()
  File "/opt/erpnext/frappe-training/apps/frappe/frappe/handler.py", line 21, in handle
    data = execute_cmd(cmd)
  File "/opt/erpnext/frappe-training/apps/frappe/frappe/handler.py", line 56, in execute_cmd
    return frappe.call(method, **frappe.form_dict)
  File "/opt/erpnext/frappe-training/apps/frappe/frappe/__init__.py", line 1019, in call
    return fn(*args, **newargs)
  File "/opt/erpnext/frappe-training/apps/frappe/frappe/core/doctype/user/user.py", line 813, in reset_password
    user.reset_password(send_email=True)
  File "/opt/erpnext/frappe-training/apps/frappe/frappe/core/doctype/user/user.py", line 227, in reset_password
    self.password_reset_mail(link)
  File "/opt/erpnext/frappe-training/apps/frappe/frappe/core/doctype/user/user.py", line 246, in password_reset_mail
    "password_reset", {"link": link}, now=True)
  File "/opt/erpnext/frappe-training/apps/frappe/frappe/core/doctype/user/user.py", line 295, in send_login_mail
    delayed=(not now) if now!=None else self.flags.delay_emails, retry=3)
  File "/opt/erpnext/frappe-training/apps/frappe/frappe/__init__.py", line 463, in sendmail
    inline_images=inline_images, header=header, print_letterhead=print_letterhead)
  File "/opt/erpnext/frappe-training/apps/frappe/frappe/email/queue.py", line 69, in send
    email_account = get_outgoing_email_account(True, append_to=reference_doctype, sender=sender)
  File "/opt/erpnext/frappe-training/apps/frappe/frappe/email/smtp.py", line 86, in get_outgoing_email_account
    frappe.OutgoingEmailError)
  File "/opt/erpnext/frappe-training/apps/frappe/frappe/__init__.py", line 351, in throw
    msgprint(msg, raise_exception=exc, title=title, indicator='red')
  File "/opt/erpnext/frappe-training/apps/frappe/frappe/__init__.py", line 337, in msgprint
    _raise_exception()
  File "/opt/erpnext/frappe-training/apps/frappe/frappe/__init__.py", line 310, in _raise_exception
    raise raise_exception(msg)
frappe.exceptions.OutgoingEmailError: Please setup default Email Account from Setup > Email > Email Account
[ERROR] 2019-04-05 14:20:33,874 | /opt/erpnext/frappe-training/apps/frappe/frappe/utils/error.py:
Could not take error snapshot: startswith first arg must be str or a tuple of str, not bytes
Traceback (most recent call last):
  File "/opt/erpnext/frappe-training/apps/frappe/frappe/app.py", line 61, in application
    response = frappe.handler.handle()
  File "/opt/erpnext/frappe-training/apps/frappe/frappe/handler.py", line 21, in handle
    data = execute_cmd(cmd)
  File "/opt/erpnext/frappe-training/apps/frappe/frappe/handler.py", line 56, in execute_cmd
    return frappe.call(method, **frappe.form_dict)
  File "/opt/erpnext/frappe-training/apps/frappe/frappe/__init__.py", line 1019, in call
    return fn(*args, **newargs)
  File "/opt/erpnext/frappe-training/apps/frappe/frappe/core/doctype/user/user.py", line 813, in reset_password
    user.reset_password(send_email=True)
  File "/opt/erpnext/frappe-training/apps/frappe/frappe/core/doctype/user/user.py", line 227, in reset_password
    self.password_reset_mail(link)
  File "/opt/erpnext/frappe-training/apps/frappe/frappe/core/doctype/user/user.py", line 246, in password_reset_mail
    "password_reset", {"link": link}, now=True)
  File "/opt/erpnext/frappe-training/apps/frappe/frappe/core/doctype/user/user.py", line 295, in send_login_mail
    delayed=(not now) if now!=None else self.flags.delay_emails, retry=3)
  File "/opt/erpnext/frappe-training/apps/frappe/frappe/__init__.py", line 463, in sendmail
    inline_images=inline_images, header=header, print_letterhead=print_letterhead)
  File "/opt/erpnext/frappe-training/apps/frappe/frappe/email/queue.py", line 69, in send
    email_account = get_outgoing_email_account(True, append_to=reference_doctype, sender=sender)
  File "/opt/erpnext/frappe-training/apps/frappe/frappe/email/smtp.py", line 86, in get_outgoing_email_account
    frappe.OutgoingEmailError)
  File "/opt/erpnext/frappe-training/apps/frappe/frappe/__init__.py", line 351, in throw
    msgprint(msg, raise_exception=exc, title=title, indicator='red')
  File "/opt/erpnext/frappe-training/apps/frappe/frappe/__init__.py", line 337, in msgprint
    _raise_exception()
  File "/opt/erpnext/frappe-training/apps/frappe/frappe/__init__.py", line 310, in _raise_exception
    raise raise_exception(msg)
frappe.exceptions.OutgoingEmailError: Please setup default Email Account from Setup > Email > Email Account

During handling of the above exception, another exception occurred:

Traceback (most recent call last):
  File "/opt/erpnext/frappe-training/apps/frappe/frappe/utils/error.py", line 36, in make_error_snapshot
    snapshot = get_snapshot(exception)
  File "/opt/erpnext/frappe-training/apps/frappe/frappe/utils/error.py", line 131, in get_snapshot
    if type(value)==str and value.startswith(b"u'"):
TypeError: startswith first arg must be str or a tuple of str, not bytes
[DEBUG] 2019-04-05 14:20:43,772 | /opt/erpnext/frappe-training/apps/frappe/frappe/utils/scheduler.py:
Site: mis.training.local
Queued events for site mis.training.local
[DEBUG] 2019-04-05 14:21:44,175 | /opt/erpnext/frappe-training/apps/frappe/frappe/utils/scheduler.py:
Site: mis.training.local
Queued events for site mis.training.local
[DEBUG] 2019-04-05 14:22:44,340 | /opt/erpnext/frappe-training/apps/frappe/frappe/utils/scheduler.py:
Site: mis.training.local
Queued events for site mis.training.local
[DEBUG] 2019-04-05 14:23:44,755 | /opt/erpnext/frappe-training/apps/frappe/frappe/utils/scheduler.py:
Site: mis.training.local
Queued events for site mis.training.local
[DEBUG] 2019-04-05 14:24:45,184 | /opt/erpnext/frappe-training/apps/frappe/frappe/utils/scheduler.py:
Site: mis.training.local
Queued events for site mis.training.local
[DEBUG] 2019-04-05 14:25:45,395 | /opt/erpnext/frappe-training/apps/frappe/frappe/utils/scheduler.py:
Site: mis.training.local
Queued events for site mis.training.local
[DEBUG] 2019-04-05 14:26:45,554 | /opt/erpnext/frappe-training/apps/frappe/frappe/utils/scheduler.py:
Site: mis.training.local
Queued events for site mis.training.local
[DEBUG] 2019-04-05 14:27:45,710 | /opt/erpnext/frappe-training/apps/frappe/frappe/utils/scheduler.py:
Site: mis.training.local
Queued events for site mis.training.local
[DEBUG] 2019-04-05 14:28:45,921 | /opt/erpnext/frappe-training/apps/frappe/frappe/utils/scheduler.py:
Site: mis.training.local
Queued events for site mis.training.local
[DEBUG] 2019-04-05 14:29:46,100 | /opt/erpnext/frappe-training/apps/frappe/frappe/utils/scheduler.py:
Site: mis.training.local
Queued events for site mis.training.local
[DEBUG] 2019-04-05 14:30:46,296 | /opt/erpnext/frappe-training/apps/frappe/frappe/utils/scheduler.py:
Site: mis.training.local
Queued events for site mis.training.local
[DEBUG] 2019-04-05 14:31:46,435 | /opt/erpnext/frappe-training/apps/frappe/frappe/utils/scheduler.py:
Site: mis.training.local
Queued events for site mis.training.local
[DEBUG] 2019-04-05 14:32:46,581 | /opt/erpnext/frappe-training/apps/frappe/frappe/utils/scheduler.py:
Site: mis.training.local
Queued events for site mis.training.local
[DEBUG] 2019-04-05 14:33:46,767 | /opt/erpnext/frappe-training/apps/frappe/frappe/utils/scheduler.py:
Site: mis.training.local
Queued events for site mis.training.local
[DEBUG] 2019-04-05 14:34:46,955 | /opt/erpnext/frappe-training/apps/frappe/frappe/utils/scheduler.py:
Site: mis.training.local
Queued events for site mis.training.local
[DEBUG] 2019-04-05 14:35:47,118 | /opt/erpnext/frappe-training/apps/frappe/frappe/utils/scheduler.py:
Site: mis.training.local
Queued events for site mis.training.local
[DEBUG] 2019-04-05 14:36:47,285 | /opt/erpnext/frappe-training/apps/frappe/frappe/utils/scheduler.py:
Site: mis.training.local
Queued events for site mis.training.local
[DEBUG] 2019-04-05 14:37:47,441 | /opt/erpnext/frappe-training/apps/frappe/frappe/utils/scheduler.py:
Site: mis.training.local
Queued events for site mis.training.local
[DEBUG] 2019-04-05 14:38:47,608 | /opt/erpnext/frappe-training/apps/frappe/frappe/utils/scheduler.py:
Site: mis.training.local
Queued events for site mis.training.local
[DEBUG] 2019-04-05 14:39:47,994 | /opt/erpnext/frappe-training/apps/frappe/frappe/utils/scheduler.py:
Site: mis.training.local
Queued events for site mis.training.local
[DEBUG] 2019-04-05 14:40:48,173 | /opt/erpnext/frappe-training/apps/frappe/frappe/utils/scheduler.py:
Site: mis.training.local
Queued events for site mis.training.local
[DEBUG] 2019-04-05 14:41:48,333 | /opt/erpnext/frappe-training/apps/frappe/frappe/utils/scheduler.py:
Site: mis.training.local
Queued events for site mis.training.local
[DEBUG] 2019-04-05 14:42:48,487 | /opt/erpnext/frappe-training/apps/frappe/frappe/utils/scheduler.py:
Site: mis.training.local
Queued events for site mis.training.local
[DEBUG] 2019-04-05 14:43:48,789 | /opt/erpnext/frappe-training/apps/frappe/frappe/utils/scheduler.py:
Site: mis.training.local
Queued events for site mis.training.local
[DEBUG] 2019-04-05 14:44:48,941 | /opt/erpnext/frappe-training/apps/frappe/frappe/utils/scheduler.py:
Site: mis.training.local
Queued events for site mis.training.local
[DEBUG] 2019-04-05 14:45:49,098 | /opt/erpnext/frappe-training/apps/frappe/frappe/utils/scheduler.py:
Site: mis.training.local
Queued events for site mis.training.local
[DEBUG] 2019-04-05 14:46:49,240 | /opt/erpnext/frappe-training/apps/frappe/frappe/utils/scheduler.py:
Site: mis.training.local
Queued events for site mis.training.local
[DEBUG] 2019-04-05 14:47:49,402 | /opt/erpnext/frappe-training/apps/frappe/frappe/utils/scheduler.py:
Site: mis.training.local
Queued events for site mis.training.local
[DEBUG] 2019-04-05 14:48:49,561 | /opt/erpnext/frappe-training/apps/frappe/frappe/utils/scheduler.py:
Site: mis.training.local
Queued events for site mis.training.local
[DEBUG] 2019-04-05 14:49:49,710 | /opt/erpnext/frappe-training/apps/frappe/frappe/utils/scheduler.py:
Site: mis.training.local
Queued events for site mis.training.local
[DEBUG] 2019-04-05 14:50:49,919 | /opt/erpnext/frappe-training/apps/frappe/frappe/utils/scheduler.py:
Site: mis.training.local
Queued events for site mis.training.local
[DEBUG] 2019-04-05 14:51:50,046 | /opt/erpnext/frappe-training/apps/frappe/frappe/utils/scheduler.py:
Site: mis.training.local
Queued events for site mis.training.local
[DEBUG] 2019-04-05 14:52:50,198 | /opt/erpnext/frappe-training/apps/frappe/frappe/utils/scheduler.py:
Site: mis.training.local
Queued events for site mis.training.local
[DEBUG] 2019-04-05 14:53:50,385 | /opt/erpnext/frappe-training/apps/frappe/frappe/utils/scheduler.py:
Site: mis.training.local
Queued events for site mis.training.local
[DEBUG] 2019-04-05 14:54:50,513 | /opt/erpnext/frappe-training/apps/frappe/frappe/utils/scheduler.py:
Site: mis.training.local
Queued events for site mis.training.local
[DEBUG] 2019-04-05 14:55:50,641 | /opt/erpnext/frappe-training/apps/frappe/frappe/utils/scheduler.py:
Site: mis.training.local
Queued events for site mis.training.local
[DEBUG] 2019-04-05 14:56:50,790 | /opt/erpnext/frappe-training/apps/frappe/frappe/utils/scheduler.py:
Site: mis.training.local
Queued events for site mis.training.local
[DEBUG] 2019-04-05 14:57:50,913 | /opt/erpnext/frappe-training/apps/frappe/frappe/utils/scheduler.py:
Site: mis.training.local
Queued events for site mis.training.local
[DEBUG] 2019-04-05 14:58:51,104 | /opt/erpnext/frappe-training/apps/frappe/frappe/utils/scheduler.py:
Site: mis.training.local
Queued events for site mis.training.local
[DEBUG] 2019-04-05 14:59:51,297 | /opt/erpnext/frappe-training/apps/frappe/frappe/utils/scheduler.py:
Site: mis.training.local
Queued events for site mis.training.local
[DEBUG] 2019-04-05 15:00:51,474 | /opt/erpnext/frappe-training/apps/frappe/frappe/utils/scheduler.py:
Site: mis.training.local
Queued events for site mis.training.local
[DEBUG] 2019-04-05 15:01:51,594 | /opt/erpnext/frappe-training/apps/frappe/frappe/utils/scheduler.py:
Site: mis.training.local
Queued events for site mis.training.local
[DEBUG] 2019-04-05 15:02:51,799 | /opt/erpnext/frappe-training/apps/frappe/frappe/utils/scheduler.py:
Site: mis.training.local
Queued events for site mis.training.local
[DEBUG] 2019-04-05 15:03:51,962 | /opt/erpnext/frappe-training/apps/frappe/frappe/utils/scheduler.py:
Site: mis.training.local
Queued events for site mis.training.local
[DEBUG] 2019-04-05 15:04:52,113 | /opt/erpnext/frappe-training/apps/frappe/frappe/utils/scheduler.py:
Site: mis.training.local
Queued events for site mis.training.local
[DEBUG] 2019-04-05 15:05:52,304 | /opt/erpnext/frappe-training/apps/frappe/frappe/utils/scheduler.py:
Site: mis.training.local
Queued events for site mis.training.local
[DEBUG] 2019-04-05 15:06:52,490 | /opt/erpnext/frappe-training/apps/frappe/frappe/utils/scheduler.py:
Site: mis.training.local
Queued events for site mis.training.local
[DEBUG] 2019-04-05 15:07:52,630 | /opt/erpnext/frappe-training/apps/frappe/frappe/utils/scheduler.py:
Site: mis.training.local
Queued events for site mis.training.local
[DEBUG] 2019-04-05 15:08:52,792 | /opt/erpnext/frappe-training/apps/frappe/frappe/utils/scheduler.py:
Site: mis.training.local
Queued events for site mis.training.local
[DEBUG] 2019-04-05 15:09:52,913 | /opt/erpnext/frappe-training/apps/frappe/frappe/utils/scheduler.py:
Site: mis.training.local
Queued events for site mis.training.local
[DEBUG] 2019-04-05 15:10:53,089 | /opt/erpnext/frappe-training/apps/frappe/frappe/utils/scheduler.py:
Site: mis.training.local
Queued events for site mis.training.local
[DEBUG] 2019-04-05 15:11:53,273 | /opt/erpnext/frappe-training/apps/frappe/frappe/utils/scheduler.py:
Site: mis.training.local
Queued events for site mis.training.local
[DEBUG] 2019-04-05 15:12:53,466 | /opt/erpnext/frappe-training/apps/frappe/frappe/utils/scheduler.py:
Site: mis.training.local
Queued events for site mis.training.local
[DEBUG] 2019-04-05 15:13:53,712 | /opt/erpnext/frappe-training/apps/frappe/frappe/utils/scheduler.py:
Site: mis.training.local
Queued events for site mis.training.local
[DEBUG] 2019-04-05 15:14:53,830 | /opt/erpnext/frappe-training/apps/frappe/frappe/utils/scheduler.py:
Site: mis.training.local
Queued events for site mis.training.local
[DEBUG] 2019-04-05 15:15:53,951 | /opt/erpnext/frappe-training/apps/frappe/frappe/utils/scheduler.py:
Site: mis.training.local
Queued events for site mis.training.local
[DEBUG] 2019-04-05 15:16:54,113 | /opt/erpnext/frappe-training/apps/frappe/frappe/utils/scheduler.py:
Site: mis.training.local
Queued events for site mis.training.local
[DEBUG] 2019-04-05 15:17:54,239 | /opt/erpnext/frappe-training/apps/frappe/frappe/utils/scheduler.py:
Site: mis.training.local
Queued events for site mis.training.local
[DEBUG] 2019-04-05 15:18:54,360 | /opt/erpnext/frappe-training/apps/frappe/frappe/utils/scheduler.py:
Site: mis.training.local
Queued events for site mis.training.local
[DEBUG] 2019-04-05 15:19:54,486 | /opt/erpnext/frappe-training/apps/frappe/frappe/utils/scheduler.py:
Site: mis.training.local
Queued events for site mis.training.local
[DEBUG] 2019-04-05 15:20:54,639 | /opt/erpnext/frappe-training/apps/frappe/frappe/utils/scheduler.py:
Site: mis.training.local
Queued events for site mis.training.local
[DEBUG] 2019-04-05 15:21:54,763 | /opt/erpnext/frappe-training/apps/frappe/frappe/utils/scheduler.py:
Site: mis.training.local
Queued events for site mis.training.local
[DEBUG] 2019-04-05 15:22:54,896 | /opt/erpnext/frappe-training/apps/frappe/frappe/utils/scheduler.py:
Site: mis.training.local
Queued events for site mis.training.local
[DEBUG] 2019-04-05 15:23:55,033 | /opt/erpnext/frappe-training/apps/frappe/frappe/utils/scheduler.py:
Site: mis.training.local
Queued events for site mis.training.local
[DEBUG] 2019-04-05 15:24:55,193 | /opt/erpnext/frappe-training/apps/frappe/frappe/utils/scheduler.py:
Site: mis.training.local
Queued events for site mis.training.local
[DEBUG] 2019-04-05 15:25:55,385 | /opt/erpnext/frappe-training/apps/frappe/frappe/utils/scheduler.py:
Site: mis.training.local
Queued events for site mis.training.local
[DEBUG] 2019-04-05 15:26:55,544 | /opt/erpnext/frappe-training/apps/frappe/frappe/utils/scheduler.py:
Site: mis.training.local
Queued events for site mis.training.local
[DEBUG] 2019-04-05 15:27:55,679 | /opt/erpnext/frappe-training/apps/frappe/frappe/utils/scheduler.py:
Site: mis.training.local
Queued events for site mis.training.local
[DEBUG] 2019-04-05 15:28:55,832 | /opt/erpnext/frappe-training/apps/frappe/frappe/utils/scheduler.py:
Site: mis.training.local
Queued events for site mis.training.local
[DEBUG] 2019-04-05 15:29:55,965 | /opt/erpnext/frappe-training/apps/frappe/frappe/utils/scheduler.py:
Site: mis.training.local
Queued events for site mis.training.local
[DEBUG] 2019-04-05 15:30:56,148 | /opt/erpnext/frappe-training/apps/frappe/frappe/utils/scheduler.py:
Site: mis.training.local
Queued events for site mis.training.local
[DEBUG] 2019-04-05 15:31:56,281 | /opt/erpnext/frappe-training/apps/frappe/frappe/utils/scheduler.py:
Site: mis.training.local
Queued events for site mis.training.local
[DEBUG] 2019-04-05 15:32:56,421 | /opt/erpnext/frappe-training/apps/frappe/frappe/utils/scheduler.py:
Site: mis.training.local
Queued events for site mis.training.local
[DEBUG] 2019-04-05 15:33:56,553 | /opt/erpnext/frappe-training/apps/frappe/frappe/utils/scheduler.py:
Site: mis.training.local
Queued events for site mis.training.local
[DEBUG] 2019-04-05 15:34:56,695 | /opt/erpnext/frappe-training/apps/frappe/frappe/utils/scheduler.py:
Site: mis.training.local
Queued events for site mis.training.local
[DEBUG] 2019-04-05 15:35:56,843 | /opt/erpnext/frappe-training/apps/frappe/frappe/utils/scheduler.py:
Site: mis.training.local
Queued events for site mis.training.local
[DEBUG] 2019-04-05 15:36:57,012 | /opt/erpnext/frappe-training/apps/frappe/frappe/utils/scheduler.py:
Site: mis.training.local
Queued events for site mis.training.local
[DEBUG] 2019-04-05 15:37:57,159 | /opt/erpnext/frappe-training/apps/frappe/frappe/utils/scheduler.py:
Site: mis.training.local
Queued events for site mis.training.local
[DEBUG] 2019-04-05 15:38:57,294 | /opt/erpnext/frappe-training/apps/frappe/frappe/utils/scheduler.py:
Site: mis.training.local
Queued events for site mis.training.local
[DEBUG] 2019-04-05 15:39:57,429 | /opt/erpnext/frappe-training/apps/frappe/frappe/utils/scheduler.py:
Site: mis.training.local
Queued events for site mis.training.local
[DEBUG] 2019-04-05 15:40:57,576 | /opt/erpnext/frappe-training/apps/frappe/frappe/utils/scheduler.py:
Site: mis.training.local
Queued events for site mis.training.local
[DEBUG] 2019-04-05 15:41:57,706 | /opt/erpnext/frappe-training/apps/frappe/frappe/utils/scheduler.py:
Site: mis.training.local
Queued events for site mis.training.local
[DEBUG] 2019-04-05 15:42:57,892 | /opt/erpnext/frappe-training/apps/frappe/frappe/utils/scheduler.py:
Site: mis.training.local
Queued events for site mis.training.local
[DEBUG] 2019-04-05 15:43:58,021 | /opt/erpnext/frappe-training/apps/frappe/frappe/utils/scheduler.py:
Site: mis.training.local
Queued events for site mis.training.local
[DEBUG] 2019-04-05 15:44:58,179 | /opt/erpnext/frappe-training/apps/frappe/frappe/utils/scheduler.py:
Site: mis.training.local
Queued events for site mis.training.local
[DEBUG] 2019-04-05 15:45:58,371 | /opt/erpnext/frappe-training/apps/frappe/frappe/utils/scheduler.py:
Site: mis.training.local
Queued events for site mis.training.local
[DEBUG] 2019-04-05 15:46:58,501 | /opt/erpnext/frappe-training/apps/frappe/frappe/utils/scheduler.py:
Site: mis.training.local
Queued events for site mis.training.local
[DEBUG] 2019-04-05 15:47:58,641 | /opt/erpnext/frappe-training/apps/frappe/frappe/utils/scheduler.py:
Site: mis.training.local
Queued events for site mis.training.local
[DEBUG] 2019-04-05 15:48:58,789 | /opt/erpnext/frappe-training/apps/frappe/frappe/utils/scheduler.py:
Site: mis.training.local
Queued events for site mis.training.local
[DEBUG] 2019-04-05 15:49:58,964 | /opt/erpnext/frappe-training/apps/frappe/frappe/utils/scheduler.py:
Site: mis.training.local
Queued events for site mis.training.local
[DEBUG] 2019-04-05 15:50:59,090 | /opt/erpnext/frappe-training/apps/frappe/frappe/utils/scheduler.py:
Site: mis.training.local
Queued events for site mis.training.local
[DEBUG] 2019-04-05 15:51:59,215 | /opt/erpnext/frappe-training/apps/frappe/frappe/utils/scheduler.py:
Site: mis.training.local
Queued events for site mis.training.local
[DEBUG] 2019-04-05 15:52:59,356 | /opt/erpnext/frappe-training/apps/frappe/frappe/utils/scheduler.py:
Site: mis.training.local
Queued events for site mis.training.local
[DEBUG] 2019-04-05 15:53:59,559 | /opt/erpnext/frappe-training/apps/frappe/frappe/utils/scheduler.py:
Site: mis.training.local
Queued events for site mis.training.local
[DEBUG] 2019-04-05 15:54:59,692 | /opt/erpnext/frappe-training/apps/frappe/frappe/utils/scheduler.py:
Site: mis.training.local
Queued events for site mis.training.local
[DEBUG] 2019-04-05 15:55:59,828 | /opt/erpnext/frappe-training/apps/frappe/frappe/utils/scheduler.py:
Site: mis.training.local
Queued events for site mis.training.local
[DEBUG] 2019-04-05 15:56:59,981 | /opt/erpnext/frappe-training/apps/frappe/frappe/utils/scheduler.py:
Site: mis.training.local
Queued events for site mis.training.local
[DEBUG] 2019-04-05 15:58:00,123 | /opt/erpnext/frappe-training/apps/frappe/frappe/utils/scheduler.py:
Site: mis.training.local
Queued events for site mis.training.local
[DEBUG] 2019-04-05 15:59:00,347 | /opt/erpnext/frappe-training/apps/frappe/frappe/utils/scheduler.py:
Site: mis.training.local
Queued events for site mis.training.local
[DEBUG] 2019-04-05 16:00:00,507 | /opt/erpnext/frappe-training/apps/frappe/frappe/utils/scheduler.py:
Site: mis.training.local
Queued events for site mis.training.local
[DEBUG] 2019-04-05 16:01:00,664 | /opt/erpnext/frappe-training/apps/frappe/frappe/utils/scheduler.py:
Site: mis.training.local
Queued events for site mis.training.local
[DEBUG] 2019-04-05 16:02:00,853 | /opt/erpnext/frappe-training/apps/frappe/frappe/utils/scheduler.py:
Site: mis.training.local
Queued events for site mis.training.local
[DEBUG] 2019-04-05 16:03:00,965 | /opt/erpnext/frappe-training/apps/frappe/frappe/utils/scheduler.py:
Site: mis.training.local
Queued events for site mis.training.local
[DEBUG] 2019-04-05 16:04:01,109 | /opt/erpnext/frappe-training/apps/frappe/frappe/utils/scheduler.py:
Site: mis.training.local
Queued events for site mis.training.local
[DEBUG] 2019-04-05 16:05:01,235 | /opt/erpnext/frappe-training/apps/frappe/frappe/utils/scheduler.py:
Site: mis.training.local
Queued events for site mis.training.local
[DEBUG] 2019-04-05 16:06:01,372 | /opt/erpnext/frappe-training/apps/frappe/frappe/utils/scheduler.py:
Site: mis.training.local
Queued events for site mis.training.local
[DEBUG] 2019-04-05 16:07:01,489 | /opt/erpnext/frappe-training/apps/frappe/frappe/utils/scheduler.py:
Site: mis.training.local
Queued events for site mis.training.local
[DEBUG] 2019-04-05 16:08:01,632 | /opt/erpnext/frappe-training/apps/frappe/frappe/utils/scheduler.py:
Site: mis.training.local
Queued events for site mis.training.local
[DEBUG] 2019-04-05 16:09:01,787 | /opt/erpnext/frappe-training/apps/frappe/frappe/utils/scheduler.py:
Site: mis.training.local
Queued events for site mis.training.local
[DEBUG] 2019-04-05 16:10:01,920 | /opt/erpnext/frappe-training/apps/frappe/frappe/utils/scheduler.py:
Site: mis.training.local
Queued events for site mis.training.local
[DEBUG] 2019-04-05 16:11:02,044 | /opt/erpnext/frappe-training/apps/frappe/frappe/utils/scheduler.py:
Site: mis.training.local
Queued events for site mis.training.local
[DEBUG] 2019-04-05 16:12:02,220 | /opt/erpnext/frappe-training/apps/frappe/frappe/utils/scheduler.py:
Site: mis.training.local
Queued events for site mis.training.local
[DEBUG] 2019-04-05 16:13:02,343 | /opt/erpnext/frappe-training/apps/frappe/frappe/utils/scheduler.py:
Site: mis.training.local
Queued events for site mis.training.local
[DEBUG] 2019-04-05 16:14:02,506 | /opt/erpnext/frappe-training/apps/frappe/frappe/utils/scheduler.py:
Site: mis.training.local
Queued events for site mis.training.local
[DEBUG] 2019-04-05 16:15:02,616 | /opt/erpnext/frappe-training/apps/frappe/frappe/utils/scheduler.py:
Site: mis.training.local
Queued events for site mis.training.local
[DEBUG] 2019-04-05 16:16:02,780 | /opt/erpnext/frappe-training/apps/frappe/frappe/utils/scheduler.py:
Site: mis.training.local
Queued events for site mis.training.local
[DEBUG] 2019-04-05 16:17:02,916 | /opt/erpnext/frappe-training/apps/frappe/frappe/utils/scheduler.py:
Site: mis.training.local
Queued events for site mis.training.local
[DEBUG] 2019-04-05 16:18:03,082 | /opt/erpnext/frappe-training/apps/frappe/frappe/utils/scheduler.py:
Site: mis.training.local
Queued events for site mis.training.local
[DEBUG] 2019-04-05 16:19:03,645 | /opt/erpnext/frappe-training/apps/frappe/frappe/utils/scheduler.py:
Site: mis.training.local
Queued events for site mis.training.local
[DEBUG] 2019-04-05 16:20:03,835 | /opt/erpnext/frappe-training/apps/frappe/frappe/utils/scheduler.py:
Site: mis.training.local
Queued events for site mis.training.local
[DEBUG] 2019-04-05 16:21:04,007 | /opt/erpnext/frappe-training/apps/frappe/frappe/utils/scheduler.py:
Site: mis.training.local
Queued events for site mis.training.local
[DEBUG] 2019-04-05 16:22:04,135 | /opt/erpnext/frappe-training/apps/frappe/frappe/utils/scheduler.py:
Site: mis.training.local
Queued events for site mis.training.local
[DEBUG] 2019-04-05 16:23:04,267 | /opt/erpnext/frappe-training/apps/frappe/frappe/utils/scheduler.py:
Site: mis.training.local
Queued events for site mis.training.local
[DEBUG] 2019-04-05 16:24:04,482 | /opt/erpnext/frappe-training/apps/frappe/frappe/utils/scheduler.py:
Site: mis.training.local
Queued events for site mis.training.local
[DEBUG] 2019-04-05 16:25:04,651 | /opt/erpnext/frappe-training/apps/frappe/frappe/utils/scheduler.py:
Site: mis.training.local
Queued events for site mis.training.local
[DEBUG] 2019-04-05 16:26:04,766 | /opt/erpnext/frappe-training/apps/frappe/frappe/utils/scheduler.py:
Site: mis.training.local
Queued events for site mis.training.local
